123
456
789
abc
efg
ABC
AAA
